[backblue.gif]
[fade.gif]
[index.html]
[www.asanko.com/index.html]
[www.asanko.com/Home/default.html]
[www.asanko.com/js/mobileRedirect.js]
[s21.q4cdn.com/214525344/files/css/jquery-ui.css]
[s21.q4cdn.com/214525344/files/fonts/font-awesome.min.css]
[s21.q4cdn.com/214525344/files/css/client5c9b.css]
[s21.q4cdn.com/214525344/files/css/globalfaf9.css]
[www.google-analytics.com/analytics.js]
[s21.q4cdn.com/214525344/files/design/ClientLogo.png]
[www.asanko.com/Contact/default.html]
[s21.q4cdn.com/214525344/files/js/q4.core.js]
[www.asanko.com/Subscribe/default.html]
[www.asanko.com/Investors/default.html]
[www.asanko.com/Company/Overview/default.html]
[www.asanko.com/Company/Leadership/Board-of-Directors/default.html]
[www.asanko.com/Company/Leadership/Executive-Team/default.html]
[www.asanko.com/Company/Governance/default.html]
[www.asanko.com/Company/Corporate-Directory/default.html]
[www.asanko.com/Company/Ghana/default.html]
[www.asanko.com/Operations/Phase-1/default.html]
[www.asanko.com/Operations/Phase-2/default.html]
[www.asanko.com/Operations/Exploration/default.html]
[www.asanko.com/Operations/Reserves-and-Resources/default.html]
[www.asanko.com/Operations/Technical-Reports/default.html]
[www.asanko.com/Operations/Photo-Gallery/default.html]
[www.asanko.com/Investors/sec-filings/default.html]
[www.asanko.com/Investors/Financial-Reports/default.html]
[www.asanko.com/Investors/presentations/default.html]
[www.asanko.com/Investors/events/default.html]
[www.asanko.com/Investors/analyst-coverage/default.html]
[www.asanko.com/Investors/Shareholder-Info/Top-Shareholders/default.html]
[www.asanko.com/Investors/AGM-Materials/default.html]
[www.asanko.com/Investors/ESTMA/default.html]
[www.asanko.com/Investors/Short-Report-Shareholder-Information/default.html]
[www.asanko.com/News/default.html]
[www.asanko.com/Citizenship/default.html]
[www.asanko.com/Citizenship/Guiding-Principles/default.html]
[www.asanko.com/Citizenship/Health-and-Safety/default.html]
[www.asanko.com/Citizenship/Our-People/default.html]
[www.asanko.com/Citizenship/Economic-Empowerment/default.html]
[www.asanko.com/Citizenship/Communities/default.html]
[www.asanko.com/Citizenship/Resettlement/default.html]
[www.asanko.com/Citizenship/Environmental-Stewardship/default.html]
[www.asanko.com/Citizenship/Reports-and-Publications/default.html]
[www.asanko.com/Citizenship/Our-Charters/default.html]
[www.asanko.com/Jobs/default.html]
[q4widgets.q4web.com/downloads/module/q4.downloads.js]
[www.asanko.com/Legal-Notice/default.html]
[widgets.q4app.com/widgets/q4.api.1.11.2.min.js]
[widgets.q4app.com/widgets/q4.apimashup.1.11.1.min.js]
[widgets.q4app.com/widgets/q4.api.1.12.0.min.js]
[widgets.q4app.com/widgets/requireslib/moment.min.js]
[www.asanko.com/q4api/v1/captchac5cd.jpg]
[www.asanko.com/js/antiCSRF.js]
[www.asanko.com/Home/default.html]
[s21.q4cdn.com/214525344/files/images/jquery-ui-darkness/ui-bg_inset-soft_25_000000_1x100.png]
[s21.q4cdn.com/214525344/files/images/jquery-ui-darkness/ui-bg_gloss-wave_25_333333_500x100.png]
[s21.q4cdn.com/214525344/files/images/jquery-ui-darkness/ui-bg_glass_20_555555_1x400.png]
[s21.q4cdn.com/214525344/files/images/jquery-ui-darkness/ui-bg_glass_40_0078a3_1x400.png]
[s21.q4cdn.com/214525344/files/images/jquery-ui-darkness/ui-bg_inset-soft_30_f58400_1x100.png]
[s21.q4cdn.com/214525344/files/images/jquery-ui-darkness/ui-bg_highlight-soft_80_eeeeee_1x100.png]
[s21.q4cdn.com/214525344/files/images/jquery-ui-darkness/ui-bg_glass_40_ffc73d_1x400.png]
[s21.q4cdn.com/214525344/files/images/jquery-ui-darkness/ui-icons_cccccc_256x240.png]
[s21.q4cdn.com/214525344/files/images/jquery-ui-darkness/ui-icons_ffffff_256x240.png]
[s21.q4cdn.com/214525344/files/images/jquery-ui-darkness/ui-icons_222222_256x240.png]
[s21.q4cdn.com/214525344/files/images/jquery-ui-darkness/ui-icons_4b8e0b_256x240.png]
[s21.q4cdn.com/214525344/files/images/jquery-ui-darkness/ui-icons_a83300_256x240.png]
[s21.q4cdn.com/214525344/files/images/jquery-ui-darkness/ui-bg_flat_50_5c5c5c_40x100.png]
[s21.q4cdn.com/214525344/files/images/jquery-ui-darkness/ui-bg_flat_30_cccccc_40x100.png]
[s21.q4cdn.com/214525344/files/css/jquery-ui.css]
[s21.q4cdn.com/214525344/files/fonts/fontawesome-webfont5b62.eot]
[s21.q4cdn.com/214525344/files/fonts/fontawesome-webfontd41d.eot]
[s21.q4cdn.com/214525344/files/fonts/fontawesome-webfont5b62.woff2]
[s21.q4cdn.com/214525344/files/fonts/fontawesome-webfont5b62.woff]
[s21.q4cdn.com/214525344/files/fonts/fontawesome-webfont5b62.ttf]
[s21.q4cdn.com/214525344/files/fonts/font-awesome.min.css]
[www.asanko.com/images/pdf_img.gif]
[www.asanko.com/css/default.css]
[s21.q4cdn.com/214525344/files/css/print.css]
[s21.q4cdn.com/214525344/files/design/fancybox_sprite.png]
[s21.q4cdn.com/214525344/files/design/fancybox_loading.gif]
[s21.q4cdn.com/214525344/files/design/blank.gif]
[s21.q4cdn.com/214525344/files/design/fancybox_overlay.png]
[s21.q4cdn.com/214525344/files/design/fancybox_sprite@2x.png]
[s21.q4cdn.com/214525344/files/design/fancybox_loading@2x.gif]
[s21.q4cdn.com/214525344/files/design/select-icons.png]
[s21.q4cdn.com/214525344/files/images/loader.gif]
[s21.q4cdn.com/214525344/files/images/banner/banner-1.jpg]
[s21.q4cdn.com/214525344/files/icons/search.png]
[s21.q4cdn.com/214525344/files/design/menu-overlay-bg.png]
[s21.q4cdn.com/214525344/files/images/banner/investor-bg.jpg]
[s21.q4cdn.com/214525344/files/images/banner/about-us-lastes_banner.jpg]
[s21.q4cdn.com/214525344/files/images/banner/about-us_banner.jpg]
[s21.q4cdn.com/214525344/files/images/banner/projects-bg.jpg]
[s21.q4cdn.com/214525344/files/images/banner/projects-banner.jpg]
[s21.q4cdn.com/214525344/files/images/banner/health-banner.jpg]
[s21.q4cdn.com/214525344/files/images/banner/phase2-banner-inner.jpg]
[s21.q4cdn.com/214525344/files/images/banner/exploration-banner.jpg]
[s21.q4cdn.com/214525344/files/images/banner/our-people-banner.jpg]
[s21.q4cdn.com/214525344/files/images/banner/projects-banner-reserves-and-resources.jpg]
[s21.q4cdn.com/214525344/files/images/banner/technical-reports-banner.jpg]
[s21.q4cdn.com/214525344/files/images/banner/newsdetails-bg.jpg]
[s21.q4cdn.com/214525344/files/images/banner/ASK-161114-0212.jpg]
[s21.q4cdn.com/214525344/files/images/banner/investor-banner-landing.jpg]
[s21.q4cdn.com/214525344/files/images/banner/news-banner.jpg]
[s21.q4cdn.com/214525344/files/images/banner/citizenship-bg.jpg]
[s21.q4cdn.com/214525344/files/images/banner/citizenship-banner.jpg]
[s21.q4cdn.com/214525344/files/images/banner/jobs-employee-banner.jpg]
[s21.q4cdn.com/214525344/files/images/banner/corporate-governance_banner.jpg]
[s21.q4cdn.com/214525344/files/images/landing-page/landing-map-image.jpg]
[s21.q4cdn.com/214525344/files/images/landing-page/blue-landing-bg-img.png]
[s21.q4cdn.com/214525344/files/icons/section-icon.png]
[s21.q4cdn.com/214525344/files/design/slider-bg.png]
[s21.q4cdn.com/214525344/files/design/overview-vision-bg.png]
[s21.q4cdn.com/214525344/files/images/projects/ASK-150119-0021.jpg]
[s21.q4cdn.com/214525344/files/images/projects/responsible-miner_vision_about-us.jpg]
[s21.q4cdn.com/214525344/files/images/projects/2015-12-16-Near-Term-Production.png]
[s21.q4cdn.com/214525344/files/images/projects/Ghana-Flag.jpg]
[s21.q4cdn.com/214525344/files/images/projects/mgmt_team_about_us.jpg]
[s21.q4cdn.com/214525344/files/images/citizenship/resettlement_about_us.jpg]
[s21.q4cdn.com/214525344/files/images/citizenship/csr-safety-health.jpg]
[s21.q4cdn.com/214525344/files/images/citizenship/csr-empowerment.jpg]
[s21.q4cdn.com/214525344/files/images/citizenship/csr-envstewardship.jpg]
[s21.q4cdn.com/214525344/files/icons/canada-icon.png]
[s21.q4cdn.com/214525344/files/icons/ghana-icon.png]
[s21.q4cdn.com/214525344/files/icons/southafrica-icon.png]
[s21.q4cdn.com/214525344/files/images/job/working-at-asanko.jpg]
[s21.q4cdn.com/214525344/files/images/job/download.png]
[s21.q4cdn.com/214525344/files/images/job/banner-6.jpg]
[s21.q4cdn.com/214525344/files/css/globalfaf9.css]
[s21.q4cdn.com/214525344/files/css/client5c9b.css]
[www.asanko.com/Home/mustache.ab.delayed]
[cdnjs.cloudflare.com/ajax/libs/fancybox/2.1.5/jquery.fancybox.min.css]
[s21.q4cdn.com/214525344/files/js/q4.core.js]
[cdnjs.cloudflare.com/ajax/libs/fancybox/2.1.5/jquery.fancybox.min.js]
[www.asanko.com/WebResource1d52.js]
[www.asanko.com/WebResource552b.js]
[www.asanko.com/Home/POST/index.html]
[www.asanko.com/q4api/v1/captcha8131.jpg]
[s21.q4cdn.com/214525344/files/js/map/leaflet.css]
[www.asanko.com/Contact/default.html]
[s21.q4cdn.com/214525344/files/js/map/leaflet.js]
[www.asanko.com/q4api/v1/captcha5c59.jpg]
[www.asanko.com/Subscribe/default.html]
[q4implementation.s3.amazonaws.com/widgets/q4.chart.1.1.4.min.js]
[q4implementation.s3.amazonaws.com/widgets/requireslib/highstock.js]
[s21.q4cdn.com/214525344/files/icons/loader.gif]
[www.asanko.com/Investors/default.html]
[widgets.q4app.com/widgets/q4.stockQuote.1.0.1.min.js]
[www.asanko.com/Company/Overview/default.html]
[www.asanko.com/Person-Details/default79b0.aspx]
[www.asanko.com/Person-Details/defaulta642.aspx]
[www.asanko.com/Person-Details/defaultfba0.aspx]
[www.asanko.com/Person-Details/defaultf533.aspx]
[www.asanko.com/Person-Details/defaulte730.aspx]
[www.asanko.com/Person-Details/default9e70.aspx]
[www.asanko.com/Person-Details/default0ecb.aspx]
[www.asanko.com/Company/Leadership/Board-of-Directors/default.html]
[s21.q4cdn.com/214525344/files/images/executive-team/download.jpg]
[s21.q4cdn.com/214525344/files/images/executive-team/download-(2).jpg]
[s21.q4cdn.com/214525344/files/images/executive-team/download-(3).jpg]
[s21.q4cdn.com/214525344/files/images/executive-team/download-(4).jpg]
[s21.q4cdn.com/214525344/files/images/executive-team/download-(5).jpg]
[s21.q4cdn.com/214525344/files/images/executive-team/download-(8).jpg]
[s21.q4cdn.com/214525344/files/images/executive-team/download-(9).jpg]
[s21.q4cdn.com/214525344/files/images/executive-team/download-(10).jpg]
[www.asanko.com/Company/Leadership/Executive-Team/default.html]
[www.asanko.com/Company/Governance/asanko@whistleblowing.co.za]
[www.asanko.com/Company/Governance/default.html]
[www.asanko.com/Company/Corporate-Directory/default.html]
[s21.q4cdn.com/214525344/files/images/projects/Ghana-map-Sept-2014_sm.jpg]
[www.asanko.com/Company/Ghana/default.html]
[s21.q4cdn.com/214525344/files/images/projects/AGM-concession-map.jpg]
[s21.q4cdn.com/214525344/files/images/projects/download.jpg]
[www.asanko.com/Operations/Phase-1/default.html]
[s21.q4cdn.com/214525344/files/images/projects/download1.jpg]
[www.asanko.com/Operations/Phase-2/default.html]
[s21.q4cdn.com/214525344/files/images/projects/gold-belts.jpg]
[s21.q4cdn.com/214525344/files/images/projects/Miradani-acquisition_showing-Miradani-concession.jpg]
[s21.q4cdn.com/214525344/files/images/projects/Miradani-Tontokrom-Trend_new.jpg]
[s21.q4cdn.com/214525344/files/design/expand.png]
[s21.q4cdn.com/214525344/files/design/hide.png]
[www.asanko.com/Operations/Exploration/default.html]
[www.asanko.com/Operations/Reserves-and-Resources/default.html]
[www.asanko.com/Operations/Technical-Reports/default.html]
[www.asanko.com/Operations/Photo-Gallery/default.html]
[s21.q4cdn.com/214525344/files/images/regulatory-filings/ca-lgflag.png]
[q4widgets.q4web.com/q4widgets/lib/moment.min.js]
[s21.q4cdn.com/214525344/files/images/regulatory-filings/us-lgflag.png]
[widgets.q4app.com/widgets/q4.pager.1.2.0.min.js]
[www.asanko.com/rss/SECFilingc42e.aspx]
[www.asanko.com/Investors/sec-filings/default.html]
[www.asanko.com/Investors/Financial-Reports/default.html]
[q4widgets.q4web.com/slideshare/images/loader.gif]
[q4widgets.q4web.com/slideshare/modules/slideshare.js]
[www.asanko.com/Investors/presentations/default.html]
[q4widgets.q4web.com/news/js/mustache.js]
[q4widgets.q4web.com/q4widgets/q4.api.1.10.0.min.js]
[widgets.q4app.com/widgets/requireslib/clndr.1.4.7.min.js]
[widgets.q4app.com/widgets/requireslib/moment.2.18.1.min.js]
[widgets.q4app.com/widgets/q4.calendar.1.2.2.min.js]
[q4implementation.s3.amazonaws.com/widgets/q4.addtocal.1.0.3.min.js]
[www.asanko.com/Investors/events/default.html]
[www.asanko.com/Investors/analyst-coverage/default.html]
[s21.q4cdn.com/214525344/files/images/shareholder/ownership-chart.png]
[www.asanko.com/Investors/Shareholder-Info/Top-Shareholders/default.html]
[www.asanko.com/Investors/AGM-Materials/default.html]
[www.asanko.com/Investors/ESTMA/default.html]
[www.asanko.com/News/News-Details/2017/Asanko-Gold-Reports-Q2-2017-Results/default.html]
[www.asanko.com/Investors/Short-Report-Shareholder-Information/default.html]
[www.asanko.com/News/default.html]
[s21.q4cdn.com/214525344/files/doc_reports/Asanko-CSR-2016_Spreads_FINAL@2x.png]
[www.asanko.com/News/News-Details/2017/Asanko-Gold-Expansion-DFS-Confirms-Robust-Organic-Growth-Plan-and-Strong-Cash-Generation/default.html]
[www.asanko.com/Citizenship/default.html]
[www.asanko.com/Citizenship/Guiding-Principles/default.html]
[s21.q4cdn.com/214525344/files/images/citizenship/H-Health-Safety-Pic-1.jpg]
[s21.q4cdn.com/214525344/files/images/citizenship/H-Health-and-Safety-Pic-2.jpg]
[www.asanko.com/Citizenship/Health-and-Safety/default.html]
[s21.q4cdn.com/214525344/files/images/citizenship/akom_lg.gif]
[s21.q4cdn.com/214525344/files/images/citizenship/osra_lg.gif]
[s21.q4cdn.com/214525344/files/images/citizenship/esen_lg.gif]
[s21.q4cdn.com/214525344/files/images/citizenship/anan_lg.gif]
[s21.q4cdn.com/214525344/files/images/citizenship/mewarewo_lg.gif]
[s21.q4cdn.com/214525344/files/images/citizenship/nsaa_lg.gif]
[www.asanko.com/Citizenship/Our-People/default.html]
[www.asanko.com/Citizenship/Economic-Empowerment/default.html]
[s21.q4cdn.com/214525344/files/doc_reports/RAP-Brochure@2x.png]
[www.asanko.com/Citizenship/Communities/default.html]
[s21.q4cdn.com/214525344/files/images/citizenship/R-Resettlement-Pic-1.jpg]
[s21.q4cdn.com/214525344/files/images/citizenship/R-Resettlement-Pic-2.jpg]
[www.asanko.com/Citizenship/Resettlement/default.html]
[www.asanko.com/Citizenship/Environmental-Stewardship/default.html]
[www.asanko.com/Citizenship/Reports-and-Publications/default.html]
[www.asanko.com/Citizenship/Our-Charters/default.html]
[www.asanko.com/Jobs/default.html]
[www.asanko.com/Legal-Notice/default.html]
[s21.q4cdn.com/214525344/files/images/banner/about-us_banner.jpg]
[s21.q4cdn.com/214525344/files/images/banner/projects-banner.jpg]
[s21.q4cdn.com/214525344/files/fonts/fontawesome-webfont5b62.svg]
[s21.q4cdn.com/214525344/files/images/banner/exploration-banner.jpg]
[s21.q4cdn.com/214525344/files/images/banner/our-people-banner.jpg]
[s21.q4cdn.com/214525344/files/images/banner/technical-reports-banner.jpg]
[s21.q4cdn.com/214525344/files/images/banner/ASK-161114-0212.jpg]
[s21.q4cdn.com/214525344/files/images/banner/investor-banner-landing.jpg]
[s21.q4cdn.com/214525344/files/images/banner/citizenship-banner.jpg]
[s21.q4cdn.com/214525344/files/images/landing-page/landing-map-image.jpg]
[s21.q4cdn.com/214525344/files/images/projects/lwca.png]
[s21.q4cdn.com/214525344/files/images/projects/2015-12-16-Near-Term-Production.png]
[s21.q4cdn.com/214525344/files/images/projects/organic_growth_about_us.jpg]
[s21.q4cdn.com/214525344/files/images/citizenship/vision-img.jpg]
[s21.q4cdn.com/214525344/files/images/citizenship/csr-communities.jpg]
[s21.q4cdn.com/214525344/files/images/job/banner-6.jpg]
[www.asanko.com/Home/mustache.html]
[cdnjs.cloudflare.com/ajax/libs/fancybox/2.1.5/fancybox_sprite.png]
[cdnjs.cloudflare.com/ajax/libs/fancybox/2.1.5/fancybox_loading.gif]
[cdnjs.cloudflare.com/ajax/libs/fancybox/2.1.5/blank.gif]
[cdnjs.cloudflare.com/ajax/libs/fancybox/2.1.5/fancybox_overlay.png]
[cdnjs.cloudflare.com/ajax/libs/fancybox/2.1.5/fancybox_sprite@2x.png]
[cdnjs.cloudflare.com/ajax/libs/fancybox/2.1.5/fancybox_loading@2x.gif]
[cdnjs.cloudflare.com/ajax/libs/fancybox/2.1.5/jquery.fancybox.min.css]
[www.asanko.com/Home/POST/index.html]
[www.asanko.com/WebResource6e10.js]
[www.asanko.com/WebResource7ec9.js]
[s21.q4cdn.com/214525344/files/js/map/leaflet.css]
[s21.q4cdn.com/214525344/files/js/map/leaflet.js]
[www.asanko.com/Contact/POST/index.html]
[www.asanko.com/WebResource5dbb.js]
[www.asanko.com/WebResourcee64c.js]
[www.asanko.com/WebResource2ba6.js]
[www.asanko.com/WebResource40dc.js]
[www.asanko.com/Subscribe/POST/index.html]
[www.asanko.com/Investors/POST/index.html]
[www.asanko.com/WebResource696f.js]
[www.asanko.com/WebResource10eb.js]
[www.asanko.com/WebResource0081.js]
[www.asanko.com/WebResourcebf21.js]
[www.asanko.com/Person-Details/default79b0.html]
[www.asanko.com/Person-Details/defaulta642.html]
[www.asanko.com/Person-Details/defaultfba0.html]
[www.asanko.com/Person-Details/defaultf533.html]
[www.asanko.com/Person-Details/defaulte730.html]
[www.asanko.com/Person-Details/default9e70.html]
[www.asanko.com/Person-Details/default0ecb.html]
[www.asanko.com/Company/Overview/POST/index.html]
[www.asanko.com/WebResourcec5d3.js]
[www.asanko.com/WebResourcef98d.js]
[www.asanko.com/Company/Governance/asanko@whistleblowing.co.html]
[www.asanko.com/Company/Leadership/Board-of-Directors/POST/index.html]
[www.asanko.com/WebResource4c7c.js]
[www.asanko.com/WebResource26ff.js]
[www.asanko.com/Company/Governance/POST/index.html]
[www.asanko.com/WebResource3a8c.js]
[www.asanko.com/WebResource62b0.js]
[s21.q4cdn.com/214525344/files/images/projects/AGM-concession-map.jpg]
[s21.q4cdn.com/214525344/files/images/projects/gold-belts.jpg]
[www.asanko.com/Company/Corporate-Directory/POST/index.html]
[www.asanko.com/Operations/Phase-1/POST/index.html]
[s21.q4cdn.com/214525344/files/images/projects/Miradani-acquisition_showing-Miradani-concession.jpg]
[s21.q4cdn.com/214525344/files/images/projects/Miradani-Tontokrom-Trend_new.jpg]
[www.asanko.com/WebResource5ba8.js]
[www.asanko.com/WebResource1da1.js]
[www.asanko.com/News/News-Details/2017/Asanko-Gold-Reports-Q2-2017-Results/default.html]
[www.asanko.com/News/News-Details/2017/Asanko-Gold-Expansion-DFS-Confirms-Robust-Organic-Growth-Plan-and-Strong-Cash-Generation/default.html]
[s21.q4cdn.com/214525344/files/fonts/fontawesome-webfont5b62.svg]
[www.asanko.com/Investors/Short-Report-Shareholder-Information/POST/index.html]
[s21.q4cdn.com/214525344/files/doc_reports/Asanko-CSR-2016_Spreads_FINAL@2x.png]
[s21.q4cdn.com/214525344/files/images/banner/about-us-lastes_banner.jpg]
[s21.q4cdn.com/214525344/files/images/banner/about-us_banner.jpg]
[s21.q4cdn.com/214525344/files/images/banner/phase2-banner-inner.jpg]
[s21.q4cdn.com/214525344/files/images/banner/projects-banner-reserves-and-resources.jpg]
[s21.q4cdn.com/214525344/files/images/banner/news-banner.jpg]
[s21.q4cdn.com/214525344/files/images/banner/Resettlement-banner.jpg]
[www.asanko.com/Contact/POST/index.html]
[s21.q4cdn.com/214525344/files/js/js/images/layers.html]
[s21.q4cdn.com/214525344/files/js/js/images/layers-2x.html]
[www.asanko.com/Subscribe/POST/index.html]
[www.asanko.com/Investors/POST/index.html]
[www.asanko.com/Company/Overview/POST/index.html]
[www.asanko.com/Company/Leadership/Board-of-Directors/POST/index.html]
[www.asanko.com/Company/Governance/POST/index.html]
[www.asanko.com/Company/Corporate-Directory/POST/index.html]
[www.asanko.com/Operations/Phase-1/POST/index.html]
[www.asanko.com/Investors/Short-Report-Shareholder-Information/POST/index.html]
[s21.q4cdn.com/214525344/files/css/print2.css]
[s21.q4cdn.com/214525344/files/images/banner/jobs-employee-banner.jpg]
[s21.q4cdn.com/214525344/files/images/projects/AGM-concession-map.jpg]
[s21.q4cdn.com/214525344/files/images/projects/gold-belts.jpg]
[s21.q4cdn.com/214525344/files/images/projects/Miradani-Tontokrom-Trend_new.jpg]
